../Core/Src/ds18b20.c:42:13:ds18b20_reset_1	8	static
../Core/Src/ds18b20.c:50:13:ds18b20_reset_2	8	static
../Core/Src/ds18b20.c:58:13:ds18b20_reset_3	8	static
../Core/Src/ds18b20.c:72:9:ds18b20_check_1	16	static
../Core/Src/ds18b20.c:102:9:ds18b20_check_2	16	static
../Core/Src/ds18b20.c:132:9:ds18b20_check_3	16	static
../Core/Src/ds18b20.c:168:16:ds18b20_read_bit_1	16	static
../Core/Src/ds18b20.c:184:16:ds18b20_read_bit_2	16	static
../Core/Src/ds18b20.c:200:16:ds18b20_read_bit_3	16	static
../Core/Src/ds18b20.c:221:16:ds18b20_read_byte_1	16	static
../Core/Src/ds18b20.c:234:16:ds18b20_read_byte_2	16	static
../Core/Src/ds18b20.c:247:16:ds18b20_read_byte_3	16	static
../Core/Src/ds18b20.c:266:13:ds18b20_write_byte_1	24	static
../Core/Src/ds18b20.c:292:13:ds18b20_write_byte_2	24	static
../Core/Src/ds18b20.c:318:13:ds18b20_write_byte_3	24	static
../Core/Src/ds18b20.c:349:13:ds18b20_start_1	8	static
../Core/Src/ds18b20.c:357:13:ds18b20_start_2	8	static
../Core/Src/ds18b20.c:365:13:ds18b20_start_3	8	static
../Core/Src/ds18b20.c:378:9:ds18b20_init_1	32	static
../Core/Src/ds18b20.c:394:9:ds18b20_init_2	32	static
../Core/Src/ds18b20.c:410:9:ds18b20_init_3	32	static
../Core/Src/ds18b20.c:434:7:ds18b20_get_temperature_1	16	static
../Core/Src/ds18b20.c:468:7:ds18b20_get_temperature_2	16	static
../Core/Src/ds18b20.c:502:7:ds18b20_get_temperature_3	16	static
