../Core/Src/oled.c:55:6:OLED_Send	24	static
../Core/Src/oled.c:63:6:OLED_SendCmd	16	static
../Core/Src/oled.c:76:6:OLED_Init	8	static
../Core/Src/oled.c:131:6:OLED_DisPlay_On	8	static
../Core/Src/oled.c:141:6:OLED_DisPlay_Off	8	static
../Core/Src/oled.c:153:6:OLED_SetColorMode	16	static
../Core/Src/oled.c:170:6:OLED_NewFrame	8	static
../Core/Src/oled.c:179:6:OLED_ShowFrame	16	static
../Core/Src/oled.c:199:6:OLED_SetPixel	16	static
../Core/Src/oled.c:225:6:OLED_SetByte_Fine	16	static
../Core/Src/oled.c:251:6:OLED_SetByte	16	static
../Core/Src/oled.c:271:6:OLED_SetBits_Fine	40	static
../Core/Src/oled.c:299:6:OLED_SetBits	40	static
../Core/Src/oled.c:321:6:OLED_SetBlock	40	static
../Core/Src/oled.c:361:6:OLED_DrawLine	40	static
../Core/Src/oled.c:437:6:OLED_DrawRectangle	32	static
../Core/Src/oled.c:453:6:OLED_DrawFilledRectangle	40	static
../Core/Src/oled.c:471:6:OLED_DrawTriangle	32	static
../Core/Src/oled.c:488:6:OLED_DrawFilledTriangle	40	static
../Core/Src/oled.c:528:6:OLED_DrawCircle	32	static
../Core/Src/oled.c:564:6:OLED_DrawFilledCircle	40	static
../Core/Src/oled.c:599:6:OLED_DrawEllipse	56	static
../Core/Src/oled.c:648:6:OLED_DrawImage	32	static
../Core/Src/oled.c:663:6:OLED_PrintASCIIChar	32	static
../Core/Src/oled.c:676:6:OLED_PrintASCIIString	40	static
../Core/Src/oled.c:690:9:_OLED_GetUTF8Len	16	static
../Core/Src/oled.c:735:6:OLED_PrintString	56	static
