Archive member included to satisfy reference by file (symbol)

E:/st/STM32CubeIDE_1.19.0/STM32CubeIDE/plugins/com.st.stm32cube.ide.mcu.externaltools.gnu-tools-for-stm32.13.3.rel1.win32_1.0.0.202411081344/tools/bin/../lib/gcc/arm-none-eabi/13.3.1/../../../../arm-none-eabi/lib/thumb/v7-m/nofp\libc_nano.a(libc_a-exit.o)
                              E:/st/STM32CubeIDE_1.19.0/STM32CubeIDE/plugins/com.st.stm32cube.ide.mcu.externaltools.gnu-tools-for-stm32.13.3.rel1.win32_1.0.0.202411081344/tools/bin/../lib/gcc/arm-none-eabi/13.3.1/../../../../arm-none-eabi/lib/thumb/v7-m/nofp/crt0.o (exit)
E:/st/STM32CubeIDE_1.19.0/STM32CubeIDE/plugins/com.st.stm32cube.ide.mcu.externaltools.gnu-tools-for-stm32.13.3.rel1.win32_1.0.0.202411081344/tools/bin/../lib/gcc/arm-none-eabi/13.3.1/../../../../arm-none-eabi/lib/thumb/v7-m/nofp\libc_nano.a(libc_a-findfp.o)
                              E:/st/STM32CubeIDE_1.19.0/STM32CubeIDE/plugins/com.st.stm32cube.ide.mcu.externaltools.gnu-tools-for-stm32.13.3.rel1.win32_1.0.0.202411081344/tools/bin/../lib/gcc/arm-none-eabi/13.3.1/../../../../arm-none-eabi/lib/thumb/v7-m/nofp\libc_nano.a(libc_a-exit.o) (__stdio_exit_handler)
E:/st/STM32CubeIDE_1.19.0/STM32CubeIDE/plugins/com.st.stm32cube.ide.mcu.externaltools.gnu-tools-for-stm32.13.3.rel1.win32_1.0.0.202411081344/tools/bin/../lib/gcc/arm-none-eabi/13.3.1/../../../../arm-none-eabi/lib/thumb/v7-m/nofp\libc_nano.a(libc_a-fwalk.o)
                              E:/st/STM32CubeIDE_1.19.0/STM32CubeIDE/plugins/com.st.stm32cube.ide.mcu.externaltools.gnu-tools-for-stm32.13.3.rel1.win32_1.0.0.202411081344/tools/bin/../lib/gcc/arm-none-eabi/13.3.1/../../../../arm-none-eabi/lib/thumb/v7-m/nofp\libc_nano.a(libc_a-findfp.o) (_fwalk_sglue)
E:/st/STM32CubeIDE_1.19.0/STM32CubeIDE/plugins/com.st.stm32cube.ide.mcu.externaltools.gnu-tools-for-stm32.13.3.rel1.win32_1.0.0.202411081344/tools/bin/../lib/gcc/arm-none-eabi/13.3.1/../../../../arm-none-eabi/lib/thumb/v7-m/nofp\libc_nano.a(libc_a-stdio.o)
                              E:/st/STM32CubeIDE_1.19.0/STM32CubeIDE/plugins/com.st.stm32cube.ide.mcu.externaltools.gnu-tools-for-stm32.13.3.rel1.win32_1.0.0.202411081344/tools/bin/../lib/gcc/arm-none-eabi/13.3.1/../../../../arm-none-eabi/lib/thumb/v7-m/nofp\libc_nano.a(libc_a-findfp.o) (__sread)
E:/st/STM32CubeIDE_1.19.0/STM32CubeIDE/plugins/com.st.stm32cube.ide.mcu.externaltools.gnu-tools-for-stm32.13.3.rel1.win32_1.0.0.202411081344/tools/bin/../lib/gcc/arm-none-eabi/13.3.1/../../../../arm-none-eabi/lib/thumb/v7-m/nofp\libc_nano.a(libc_a-memcmp.o)
                              ./Core/Src/oled.o (memcmp)
E:/st/STM32CubeIDE_1.19.0/STM32CubeIDE/plugins/com.st.stm32cube.ide.mcu.externaltools.gnu-tools-for-stm32.13.3.rel1.win32_1.0.0.202411081344/tools/bin/../lib/gcc/arm-none-eabi/13.3.1/../../../../arm-none-eabi/lib/thumb/v7-m/nofp\libc_nano.a(libc_a-memset.o)
                              E:/st/STM32CubeIDE_1.19.0/STM32CubeIDE/plugins/com.st.stm32cube.ide.mcu.externaltools.gnu-tools-for-stm32.13.3.rel1.win32_1.0.0.202411081344/tools/bin/../lib/gcc/arm-none-eabi/13.3.1/../../../../arm-none-eabi/lib/thumb/v7-m/nofp/crt0.o (memset)
E:/st/STM32CubeIDE_1.19.0/STM32CubeIDE/plugins/com.st.stm32cube.ide.mcu.externaltools.gnu-tools-for-stm32.13.3.rel1.win32_1.0.0.202411081344/tools/bin/../lib/gcc/arm-none-eabi/13.3.1/../../../../arm-none-eabi/lib/thumb/v7-m/nofp\libc_nano.a(libc_a-closer.o)
                              E:/st/STM32CubeIDE_1.19.0/STM32CubeIDE/plugins/com.st.stm32cube.ide.mcu.externaltools.gnu-tools-for-stm32.13.3.rel1.win32_1.0.0.202411081344/tools/bin/../lib/gcc/arm-none-eabi/13.3.1/../../../../arm-none-eabi/lib/thumb/v7-m/nofp\libc_nano.a(libc_a-stdio.o) (_close_r)
E:/st/STM32CubeIDE_1.19.0/STM32CubeIDE/plugins/com.st.stm32cube.ide.mcu.externaltools.gnu-tools-for-stm32.13.3.rel1.win32_1.0.0.202411081344/tools/bin/../lib/gcc/arm-none-eabi/13.3.1/../../../../arm-none-eabi/lib/thumb/v7-m/nofp\libc_nano.a(libc_a-reent.o)
                              E:/st/STM32CubeIDE_1.19.0/STM32CubeIDE/plugins/com.st.stm32cube.ide.mcu.externaltools.gnu-tools-for-stm32.13.3.rel1.win32_1.0.0.202411081344/tools/bin/../lib/gcc/arm-none-eabi/13.3.1/../../../../arm-none-eabi/lib/thumb/v7-m/nofp\libc_nano.a(libc_a-closer.o) (errno)
E:/st/STM32CubeIDE_1.19.0/STM32CubeIDE/plugins/com.st.stm32cube.ide.mcu.externaltools.gnu-tools-for-stm32.13.3.rel1.win32_1.0.0.202411081344/tools/bin/../lib/gcc/arm-none-eabi/13.3.1/../../../../arm-none-eabi/lib/thumb/v7-m/nofp\libc_nano.a(libc_a-impure.o)
                              E:/st/STM32CubeIDE_1.19.0/STM32CubeIDE/plugins/com.st.stm32cube.ide.mcu.externaltools.gnu-tools-for-stm32.13.3.rel1.win32_1.0.0.202411081344/tools/bin/../lib/gcc/arm-none-eabi/13.3.1/../../../../arm-none-eabi/lib/thumb/v7-m/nofp\libc_nano.a(libc_a-reent.o) (_impure_ptr)
[...]
Memory Configuration

Name             Origin             Length             Attributes
RAM              0x20000000         0x0000c000         xrw
FLASH            0x08000000         0x00040000         xr
*default*        0x00000000         0xffffffff

Linker script and memory map

LOAD E:/st/STM32CubeIDE_1.19.0/STM32CubeIDE/plugins/com.st.stm32cube.ide.mcu.externaltools.gnu-tools-for-stm32.13.3.rel1.win32_1.0.0.202411081344/tools/bin/../lib/gcc/arm-none-eabi/13.3.1/thumb/v7-m/nofp/crti.o
LOAD E:/st/STM32CubeIDE_1.19.0/STM32CubeIDE/plugins/com.st.stm32cube.ide.mcu.externaltools.gnu-tools-for-stm32.13.3.rel1.win32_1.0.0.202411081344/tools/bin/../lib/gcc/arm-none-eabi/13.3.1/thumb/v7-m/nofp/crtbegin.o
LOAD E:/st/STM32CubeIDE_1.19.0/STM32CubeIDE/plugins/com.st.stm32cube.ide.mcu.externaltools.gnu-tools-for-stm32.13.3.rel1.win32_1.0.0.202411081344/tools/bin/../lib/gcc/arm-none-eabi/13.3.1/../../../../arm-none-eabi/lib/thumb/v7-m/nofp/crt0.o
LOAD ./Core/Src/adc.o
LOAD ./Core/Src/font.o
LOAD ./Core/Src/gpio.o
LOAD ./Core/Src/i2c.o
LOAD ./Core/Src/main.o
LOAD ./Core/Src/oled.o
LOAD ./Core/Src/stm32f1xx_hal_msp.o
LOAD ./Core/Src/stm32f1xx_it.o
LOAD ./Core/Src/syscalls.o
LOAD ./Core/Src/sysmem.o
LOAD ./Core/Src/system_stm32f1xx.o
LOAD ./Core/Src/usart.o
LOAD ./Core/Startup/startup_stm32f103rctx.o
LOAD ./Drivers/STM32F1xx_HAL_Driver/Src/stm32f1xx_hal.o
LOAD ./Drivers/STM32F1xx_HAL_Driver/Src/stm32f1xx_hal_adc.o
LOAD ./Drivers/STM32F1xx_HAL_Driver/Src/stm32f1xx_hal_adc_ex.o
LOAD ./Drivers/STM32F1xx_HAL_Driver/Src/stm32f1xx_hal_cortex.o
LOAD ./Drivers/STM32F1xx_HAL_Driver/Src/stm32f1xx_hal_dma.o
LOAD ./Drivers/STM32F1xx_HAL_Driver/Src/stm32f1xx_hal_exti.o
LOAD ./Drivers/STM32F1xx_HAL_Driver/Src/stm32f1xx_hal_flash.o
LOAD ./Drivers/STM32F1xx_HAL_Driver/Src/stm32f1xx_hal_flash_ex.o
LOAD ./Drivers/STM32F1xx_HAL_Driver/Src/stm32f1xx_hal_gpio.o
LOAD ./Drivers/STM32F1xx_HAL_Driver/Src/stm32f1xx_hal_gpio_ex.o
LOAD ./Drivers/STM32F1xx_HAL_Driver/Src/stm32f1xx_hal_i2c.o
LOAD ./Drivers/STM32F1xx_HAL_Driver/Src/stm32f1xx_hal_pwr.o
LOAD ./Drivers/STM32F1xx_HAL_Driver/Src/stm32f1xx_hal_rcc.o
LOAD ./Drivers/STM32F1xx_HAL_Driver/Src/stm32f1xx_hal_rcc_ex.o
LOAD ./Drivers/STM32F1xx_HAL_Driver/Src/stm32f1xx_hal_uart.o
START GROUP
LOAD E:/st/STM32CubeIDE_1.19.0/STM32CubeIDE/plugins/com.st.stm32cube.ide.mcu.externaltools.gnu-tools-for-stm32.13.3.rel1.win32_1.0.0.202411081344/tools/bin/../lib/gcc/arm-none-eabi/13.3.1/../../../../arm-none-eabi/lib/thumb/v7-m/nofp\libc_nano.a
LOAD E:/st/STM32CubeIDE_1.19.0/STM32CubeIDE/plugins/com.st.stm32cube.ide.mcu.externaltools.gnu-tools-for-stm32.13.3.rel1.win32_1.0.0.202411081344/tools/bin/../lib/gcc/arm-none-eabi/13.3.1/../../../../arm-none-eabi/lib/thumb/v7-m/nofp\libm.a
END GROUP
START GROUP
LOAD E:/st/STM32CubeIDE_1.19.0/STM32CubeIDE/plugins/com.st.stm32cube.ide.mcu.externaltools.gnu-tools-for-stm32.13.3.rel1.win32_1.0.0.202411081344/tools/bin/../lib/gcc/arm-none-eabi/13.3.1/thumb/v7-m/nofp\libgcc.a
LOAD E:/st/STM32CubeIDE_1.19.0/STM32CubeIDE/plugins/com.st.stm32cube.ide.mcu.externaltools.gnu-tools-for-stm32.13.3.rel1.win32_1.0.0.202411081344/tools/bin/../lib/gcc/arm-none-eabi/13.3.1/../../../../arm-none-eabi/lib/thumb/v7-m/nofp\libc_nano.a
END GROUP
START GROUP
LOAD E:/st/STM32CubeIDE_1.19.0/STM32CubeIDE/plugins/com.st.stm32cube.ide.mcu.externaltools.gnu-tools-for-stm32.13.3.rel1.win32_1.0.0.202411081344/tools/bin/../lib/gcc/arm-none-eabi/13.3.1/thumb/v7-m/nofp\libgcc.a
LOAD E:/st/STM32CubeIDE_1.19.0/STM32CubeIDE/plugins/com.st.stm32cube.ide.mcu.externaltools.gnu-tools-for-stm32.13.3.rel1.win32_1.0.0.202411081344/tools/bin/../lib/gcc/arm-none-eabi/13.3.1/../../../../arm-none-eabi/lib/thumb/v7-m/nofp\libc_nano.a
LOAD E:/st/STM32CubeIDE_1.19.0/STM32CubeIDE/plugins/com.st.stm32cube.ide.mcu.externaltools.gnu-tools-for-stm32.13.3.rel1.win32_1.0.0.202411081344/tools/bin/../lib/gcc/arm-none-eabi/13.3.1/../../../../arm-none-eabi/lib/thumb/v7-m/nofp\libnosys.a
END GROUP
START GROUP
LOAD E:/st/STM32CubeIDE_1.19.0/STM32CubeIDE/plugins/com.st.stm32cube.ide.mcu.externaltools.gnu-tools-for-stm32.13.3.rel1.win32_1.0.0.202411081344/tools/bin/../lib/gcc/arm-none-eabi/13.3.1/thumb/v7-m/nofp\libgcc.a
LOAD E:/st/STM32CubeIDE_1.19.0/STM32CubeIDE/plugins/com.st.stm32cube.ide.mcu.externaltools.gnu-tools-for-stm32.13.3.rel1.win32_1.0.0.202411081344/tools/bin/../lib/gcc/arm-none-eabi/13.3.1/../../../../arm-none-eabi/lib/thumb/v7-m/nofp\libc_nano.a
LOAD E:/st/STM32CubeIDE_1.19.0/STM32CubeIDE/plugins/com.st.stm32cube.ide.mcu.externaltools.gnu-tools-for-stm32.13.3.rel1.win32_1.0.0.202411081344/tools/bin/../lib/gcc/arm-none-eabi/13.3.1/../../../../arm-none-eabi/lib/thumb/v7-m/nofp\libnosys.a
END GROUP
LOAD E:/st/STM32CubeIDE_1.19.0/STM32CubeIDE/plugins/com.st.stm32cube.ide.mcu.externaltools.gnu-tools-for-stm32.13.3.rel1.win32_1.0.0.202411081344/tools/bin/../lib/gcc/arm-none-eabi/13.3.1/thumb/v7-m/nofp/crtend.o
LOAD E:/st/STM32CubeIDE_1.19.0/STM32CubeIDE/plugins/com.st.stm32cube.ide.mcu.externaltools.gnu-tools-for-stm32.13.3.rel1.win32_1.0.0.202411081344/tools/bin/../lib/gcc/arm-none-eabi/13.3.1/thumb/v7-m/nofp/crtn.o
                0x2000c000                        _estack = (ORIGIN (RAM) + LENGTH (RAM))
                0x00000200                        _Min_Heap_Size = 0x200
                0x00000400                        _Min_Stack_Size = 0x400

.isr_vector     0x08000000      0x1e4
                0x08000000                        . = ALIGN (0x4)
 *(.isr_vector)
 .isr_vector    0x08000000      0x1e4 ./Core/Startup/startup_stm32f103rctx.o
                0x08000000                g_pfnVectors
                0x080001e4                        . = ALIGN (0x4)

.text           0x080001e4     0x31b4
                0x080001e4                        . = ALIGN (0x4)
 *(.text)
 .text          0x080001e4       0x40 E:/st/STM32CubeIDE_1.19.0/STM32CubeIDE/plugins/com.st.stm32cube.ide.mcu.externaltools.gnu-tools-for-stm32.13.3.rel1.win32_1.0.0.202411081344/tools/bin/../lib/gcc/arm-none-eabi/13.3.1/thumb/v7-m/nofp/crtbegin.o
 *(.text*)
 .text.MX_ADC1_Init
                0x08000224       0x7c ./Core/Src/adc.o
                0x08000224                MX_ADC1_Init
 .text.HAL_ADC_MspInit
                0x080002a0       0x78 ./Core/Src/adc.o
                0x080002a0                HAL_ADC_MspInit
 .text.MX_GPIO_Init
                0x08000318       0x74 ./Core/Src/gpio.o
                0x08000318                MX_GPIO_Init
 .text.MX_I2C2_Init
                0x0800038c       0x5c ./Core/Src/i2c.o
                0x0800038c                MX_I2C2_Init
 .text.HAL_I2C_MspInit
                0x080003e8       0x80 ./Core/Src/i2c.o
                0x080003e8                HAL_I2C_MspInit
 .text.main     0x08000468       0x24 ./Core/Src/main.o
                0x08000468                main
 .text.SystemClock_Config
                0x0800048c       0xa4 ./Core/Src/main.o
                0x0800048c                SystemClock_Config
 .text.Error_Handler
                0x08000530        0xc ./Core/Src/main.o
                0x08000530                Error_Handler
 .text.OLED_Send
                0x0800053c       0x2c ./Core/Src/oled.o
                0x0800053c                OLED_Send
 .text.OLED_SendCmd
                0x08000568       0x24 ./Core/Src/oled.o
                0x08000568                OLED_SendCmd
 .text.OLED_Init
                0x0800058c       0xb8 ./Core/Src/oled.o
                0x0800058c                OLED_Init
 .text.OLED_NewFrame
                0x08000644       0x18 ./Core/Src/oled.o
                0x08000644                OLED_NewFrame
 .text.OLED_ShowFrame
                0x0800065c       0x68 ./Core/Src/oled.o
                0x0800065c                OLED_ShowFrame
 .text.HAL_MspInit
                0x080006c4       0x64 ./Core/Src/stm32f1xx_hal_msp.o
                0x080006c4                HAL_MspInit
 .text.NMI_Handler
                0x08000728        0x8 ./Core/Src/stm32f1xx_it.o
                0x08000728                NMI_Handler
 .text.HardFault_Handler
                0x08000730        0x8 ./Core/Src/stm32f1xx_it.o
                0x08000730                HardFault_Handler
 .text.MemManage_Handler
                0x08000738        0x8 ./Core/Src/stm32f1xx_it.o
                0x08000738                MemManage_Handler
 .text.BusFault_Handler
                0x08000740        0x8 ./Core/Src/stm32f1xx_it.o
                0x08000740                BusFault_Handler
 .text.UsageFault_Handler
                0x08000748        0x8 ./Core/Src/stm32f1xx_it.o
                0x08000748                UsageFault_Handler
 .text.SVC_Handler
                0x08000750        0xc ./Core/Src/stm32f1xx_it.o
                0x08000750                SVC_Handler
 .text.DebugMon_Handler
                0x0800075c        0xc ./Core/Src/stm32f1xx_it.o
                0x0800075c                DebugMon_Handler
 .text.PendSV_Handler
                0x08000768        0xc ./Core/Src/stm32f1xx_it.o
                0x08000768                PendSV_Handler
 .text.SysTick_Handler
                0x08000774        0xc ./Core/Src/stm32f1xx_it.o
                0x08000774                SysTick_Handler
 .text.USART3_IRQHandler
                0x08000780       0x14 ./Core/Src/stm32f1xx_it.o
                0x08000780                USART3_IRQHandler
 .text.SystemInit
                0x08000794        0xc ./Core/Src/system_stm32f1xx.o
                0x08000794                SystemInit
 .text.MX_USART3_UART_Init
                0x080007a0       0x54 ./Core/Src/usart.o
                0x080007a0                MX_USART3_UART_Init
 .text.HAL_UART_MspInit
                0x080007f4       0xd0 ./Core/Src/usart.o
                0x080007f4                HAL_UART_MspInit
 .text.Reset_Handler
                0x080008c4       0x48 ./Core/Startup/startup_stm32f103rctx.o
                0x080008c4                Reset_Handler
 .text.Default_Handler
                0x0800090c        0x2 ./Core/Startup/startup_stm32f103rctx.o
                0x0800090c                RTC_Alarm_IRQHandler
                0x0800090c                EXTI2_IRQHandler
                0x0800090c                TIM8_TRG_COM_IRQHandler
                0x0800090c                TIM8_CC_IRQHandler
                0x0800090c                TIM1_CC_IRQHandler
                0x0800090c                TIM6_IRQHandler
                0x0800090c                PVD_IRQHandler
                0x0800090c                SDIO_IRQHandler
                0x0800090c                EXTI3_IRQHandler
                0x0800090c                EXTI0_IRQHandler
                0x0800090c                I2C2_EV_IRQHandler
                0x0800090c                ADC1_2_IRQHandler
                0x0800090c                SPI1_IRQHandler
                0x0800090c                TAMPER_IRQHandler
                0x0800090c                TIM8_UP_IRQHandler
                0x0800090c                DMA2_Channel2_IRQHandler
                0x0800090c                DMA1_Channel4_IRQHandler
                0x0800090c                RTC_IRQHandler
                0x0800090c                DMA1_Channel7_IRQHandler
                0x0800090c                CAN1_RX1_IRQHandler
                0x0800090c                UART5_IRQHandler
                0x0800090c                ADC3_IRQHandler
                0x0800090c                TIM4_IRQHandler
                0x0800090c                DMA2_Channel1_IRQHandler
                0x0800090c                I2C1_EV_IRQHandler
                0x0800090c                DMA1_Channel6_IRQHandler
                0x0800090c                UART4_IRQHandler
                0x0800090c                TIM3_IRQHandler
                0x0800090c                RCC_IRQHandler
                0x0800090c                TIM1_TRG_COM_IRQHandler
                0x0800090c                DMA1_Channel1_IRQHandler
                0x0800090c                Default_Handler
                0x0800090c                EXTI15_10_IRQHandler
                0x0800090c                TIM7_IRQHandler
                0x0800090c                TIM5_IRQHandler
                0x0800090c                EXTI9_5_IRQHandler
                0x0800090c                SPI2_IRQHandler
                0x0800090c                DMA1_Channel5_IRQHandler
                0x0800090c                EXTI4_IRQHandler
                0x0800090c                USB_LP_CAN1_RX0_IRQHandler
                0x0800090c                USB_HP_CAN1_TX_IRQHandler
                0x0800090c                DMA1_Channel3_IRQHandler
                0x0800090c                FSMC_IRQHandler
                0x0800090c                TIM1_UP_IRQHandler
                0x0800090c                WWDG_IRQHandler
                0x0800090c                TIM2_IRQHandler
                0x0800090c                TIM1_BRK_IRQHandler
                0x0800090c                EXTI1_IRQHandler
                0x0800090c                DMA2_Channel4_5_IRQHandler
                0x0800090c                USART2_IRQHandler
                0x0800090c                I2C2_ER_IRQHandler
                0x0800090c                DMA1_Channel2_IRQHandler
                0x0800090c                TIM8_BRK_IRQHandler
                0x0800090c                CAN1_SCE_IRQHandler
                0x0800090c                FLASH_IRQHandler
                0x0800090c                USART1_IRQHandler
                0x0800090c                SPI3_IRQHandler
                0x0800090c                I2C1_ER_IRQHandler
                0x0800090c                USBWakeUp_IRQHandler
                0x0800090c                DMA2_Channel3_IRQHandler
 *fill*         0x0800090e        0x2 
 .text.HAL_Init
                0x08000910       0x2c ./Drivers/STM32F1xx_HAL_Driver/Src/stm32f1xx_hal.o
                0x08000910                HAL_Init
 .text.HAL_InitTick
                0x0800093c       0x60 ./Drivers/STM32F1xx_HAL_Driver/Src/stm32f1xx_hal.o
                0x0800093c                HAL_InitTick
 .text.HAL_IncTick
                0x0800099c       0x24 ./Drivers/STM32F1xx_HAL_Driver/Src/stm32f1xx_hal.o
                0x0800099c                HAL_IncTick
 .text.HAL_GetTick
                0x080009c0       0x14 ./Drivers/STM32F1xx_HAL_Driver/Src/stm32f1xx_hal.o
                0x080009c0                HAL_GetTick
 .text.HAL_ADC_Init
                0x080009d4      0x1d4 ./Drivers/STM32F1xx_HAL_Driver/Src/stm32f1xx_hal_adc.o
                0x080009d4                HAL_ADC_Init
 .text.HAL_ADC_ConfigChannel
                0x08000ba8      0x1f0 ./Drivers/STM32F1xx_HAL_Driver/Src/stm32f1xx_hal_adc.o
                0x08000ba8                HAL_ADC_ConfigChannel
 .text.ADC_ConversionStop_Disable
                0x08000d98       0x82 ./Drivers/STM32F1xx_HAL_Driver/Src/stm32f1xx_hal_adc.o
                0x08000d98                ADC_ConversionStop_Disable
 *fill*         0x08000e1a        0x2 
 .text.__NVIC_SetPriorityGrouping
                0x08000e1c       0x48 ./Drivers/STM32F1xx_HAL_Driver/Src/stm32f1xx_hal_cortex.o
 .text.__NVIC_GetPriorityGrouping
                0x08000e64       0x1c ./Drivers/STM32F1xx_HAL_Driver/Src/stm32f1xx_hal_cortex.o
 .text.__NVIC_EnableIRQ
                0x08000e80       0x38 ./Drivers/STM32F1xx_HAL_Driver/Src/stm32f1xx_hal_cortex.o
 .text.__NVIC_SetPriority
                0x08000eb8       0x54 ./Drivers/STM32F1xx_HAL_Driver/Src/stm32f1xx_hal_cortex.o
 .text.NVIC_EncodePriority
                0x08000f0c       0x64 ./Drivers/STM32F1xx_HAL_Driver/Src/stm32f1xx_hal_cortex.o
 .text.SysTick_Config
                0x08000f70       0x44 ./Drivers/STM32F1xx_HAL_Driver/Src/stm32f1xx_hal_cortex.o
 .text.HAL_NVIC_SetPriorityGrouping
                0x08000fb4       0x16 ./Drivers/STM32F1xx_HAL_Driver/Src/stm32f1xx_hal_cortex.o
                0x08000fb4                HAL_NVIC_SetPriorityGrouping
 .text.HAL_NVIC_SetPriority
                0x08000fca       0x38 ./Drivers/STM32F1xx_HAL_Driver/Src/stm32f1xx_hal_cortex.o
                0x08000fca                HAL_NVIC_SetPriority
 .text.HAL_NVIC_EnableIRQ
                0x08001002       0x1c ./Drivers/STM32F1xx_HAL_Driver/Src/stm32f1xx_hal_cortex.o
                0x08001002                HAL_NVIC_EnableIRQ
 .text.HAL_SYSTICK_Config
                0x0800101e       0x18 ./Drivers/STM32F1xx_HAL_Driver/Src/stm32f1xx_hal_cortex.o
                0x0800101e                HAL_SYSTICK_Config
 .text.HAL_DMA_Abort
                0x08001036       0x76 ./Drivers/STM32F1xx_HAL_Driver/Src/stm32f1xx_hal_dma.o
                0x08001036                HAL_DMA_Abort
 .text.HAL_DMA_Abort_IT
                0x080010ac      0x210 ./Drivers/STM32F1xx_HAL_Driver/Src/stm32f1xx_hal_dma.o
                0x080010ac                HAL_DMA_Abort_IT
 .text.HAL_GPIO_Init
                0x080012bc      0x328 ./Drivers/STM32F1xx_HAL_Driver/Src/stm32f1xx_hal_gpio.o
                0x080012bc                HAL_GPIO_Init
 .text.HAL_I2C_Init
                0x080015e4      0x288 ./Drivers/STM32F1xx_HAL_Driver/Src/stm32f1xx_hal_i2c.o
                0x080015e4                HAL_I2C_Init
 .text.HAL_I2C_Master_Transmit
                0x0800186c      0x1fc ./Drivers/STM32F1xx_HAL_Driver/Src/stm32f1xx_hal_i2c.o
                0x0800186c                HAL_I2C_Master_Transmit
 .text.I2C_MasterRequestWrite
                0x08001a68      0x104 ./Drivers/STM32F1xx_HAL_Driver/Src/stm32f1xx_hal_i2c.o
 .text.I2C_WaitOnFlagUntilTimeout
                0x08001b6c       0xf4 ./Drivers/STM32F1xx_HAL_Driver/Src/stm32f1xx_hal_i2c.o
 .text.I2C_WaitOnMasterAddressFlagUntilTimeout
                0x08001c60      0x140 ./Drivers/STM32F1xx_HAL_Driver/Src/stm32f1xx_hal_i2c.o
 .text.I2C_WaitOnTXEFlagUntilTimeout
                0x08001da0       0x90 ./Drivers/STM32F1xx_HAL_Driver/Src/stm32f1xx_hal_i2c.o
 .text.I2C_WaitOnBTFFlagUntilTimeout
                0x08001e30       0x90 ./Drivers/STM32F1xx_HAL_Driver/Src/stm32f1xx_hal_i2c.o
 .text.I2C_IsAcknowledgeFailed
                0x08001ec0       0x5c ./Drivers/STM32F1xx_HAL_Driver/Src/stm32f1xx_hal_i2c.o
 .text.HAL_RCC_OscConfig
                0x08001f1c      0x504 ./Drivers/STM32F1xx_HAL_Driver/Src/stm32f1xx_hal_rcc.o
                0x08001f1c                HAL_RCC_OscConfig
 .text.HAL_RCC_ClockConfig
                0x08002420      0x1d4 ./Drivers/STM32F1xx_HAL_Driver/Src/stm32f1xx_hal_rcc.o
                0x08002420                HAL_RCC_ClockConfig
 .text.HAL_RCC_GetSysClockFreq
                0x080025f4       0xa8 ./Drivers/STM32F1xx_HAL_Driver/Src/stm32f1xx_hal_rcc.o
                0x080025f4                HAL_RCC_GetSysClockFreq
 .text.HAL_RCC_GetHCLKFreq
                0x0800269c       0x14 ./Drivers/STM32F1xx_HAL_Driver/Src/stm32f1xx_hal_rcc.o
                0x0800269c                HAL_RCC_GetHCLKFreq
 .text.HAL_RCC_GetPCLK1Freq
                0x080026b0       0x28 ./Drivers/STM32F1xx_HAL_Driver/Src/stm32f1xx_hal_rcc.o
                0x080026b0                HAL_RCC_GetPCLK1Freq
 .text.HAL_RCC_GetPCLK2Freq
                0x080026d8       0x28 ./Drivers/STM32F1xx_HAL_Driver/Src/stm32f1xx_hal_rcc.o
                0x080026d8                HAL_RCC_GetPCLK2Freq
 .text.RCC_Delay
                0x08002700       0x3c ./Drivers/STM32F1xx_HAL_Driver/Src/stm32f1xx_hal_rcc.o
 .text.HAL_RCCEx_PeriphCLKConfig
                0x0800273c      0x16c ./Drivers/STM32F1xx_HAL_Driver/Src/stm32f1xx_hal_rcc_ex.o
                0x0800273c                HAL_RCCEx_PeriphCLKConfig
 .text.HAL_UART_Init
                0x080028a8       0xa0 ./Drivers/STM32F1xx_HAL_Driver/Src/stm32f1xx_hal_uart.o
                0x080028a8                HAL_UART_Init
 .text.HAL_UART_IRQHandler
                0x08002948      0x524 ./Drivers/STM32F1xx_HAL_Driver/Src/stm32f1xx_hal_uart.o
                0x08002948                HAL_UART_IRQHandler
 .text.HAL_UART_TxCpltCallback
                0x08002e6c       0x12 ./Drivers/STM32F1xx_HAL_Driver/Src/stm32f1xx_hal_uart.o
                0x08002e6c                HAL_UART_TxCpltCallback
 .text.HAL_UART_RxCpltCallback
                0x08002e7e       0x12 ./Drivers/STM32F1xx_HAL_Driver/Src/stm32f1xx_hal_uart.o
                0x08002e7e                HAL_UART_RxCpltCallback
 .text.HAL_UART_ErrorCallback
                0x08002e90       0x12 ./Drivers/STM32F1xx_HAL_Driver/Src/stm32f1xx_hal_uart.o
                0x08002e90                HAL_UART_ErrorCallback
 .text.HAL_UARTEx_RxEventCallback
                0x08002ea2       0x16 ./Drivers/STM32F1xx_HAL_Driver/Src/stm32f1xx_hal_uart.o
                0x08002ea2                HAL_UARTEx_RxEventCallback
 .text.UART_EndRxTransfer
                0x08002eb8       0xc4 ./Drivers/STM32F1xx_HAL_Driver/Src/stm32f1xx_hal_uart.o
 .text.UART_DMAAbortOnError
                0x08002f7c       0x28 ./Drivers/STM32F1xx_HAL_Driver/Src/stm32f1xx_hal_uart.o
 .text.UART_Transmit_IT
                0x08002fa4       0x9e ./Drivers/STM32F1xx_HAL_Driver/Src/stm32f1xx_hal_uart.o
 .text.UART_EndTransmit_IT
                0x08003042       0x30 ./Drivers/STM32F1xx_HAL_Driver/Src/stm32f1xx_hal_uart.o
 .text.UART_Receive_IT
                0x08003072      0x17c ./Drivers/STM32F1xx_HAL_Driver/Src/stm32f1xx_hal_uart.o
 *fill*         0x080031ee        0x2 
 .text.UART_SetConfig
                0x080031f0      0x11c ./Drivers/STM32F1xx_HAL_Driver/Src/stm32f1xx_hal_uart.o
 .text.memset   0x0800330c       0x10 E:/st/STM32CubeIDE_1.19.0/STM32CubeIDE/plugins/com.st.stm32cube.ide.mcu.externaltools.gnu-tools-for-stm32.13.3.rel1.win32_1.0.0.202411081344/tools/bin/../lib/gcc/arm-none-eabi/13.3.1/../../../../arm-none-eabi/lib/thumb/v7-m/nofp\libc_nano.a(libc_a-memset.o)
                0x0800330c                memset
 .text.__libc_init_array
                0x0800331c       0x48 E:/st/STM32CubeIDE_1.19.0/STM32CubeIDE/plugins/com.st.stm32cube.ide.mcu.externaltools.gnu-tools-for-stm32.13.3.rel1.win32_1.0.0.202411081344/tools/bin/../lib/gcc/arm-none-eabi/13.3.1/../../../../arm-none-eabi/lib/thumb/v7-m/nofp\libc_nano.a(libc_a-init.o)
                0x0800331c                __libc_init_array
 .text.memcpy   0x08003364       0x1c E:/st/STM32CubeIDE_1.19.0/STM32CubeIDE/plugins/com.st.stm32cube.ide.mcu.externaltools.gnu-tools-for-stm32.13.3.rel1.win32_1.0.0.202411081344/tools/bin/../lib/gcc/arm-none-eabi/13.3.1/../../../../arm-none-eabi/lib/thumb/v7-m/nofp\libc_nano.a(libc_a-memcpy-stub.o)
                0x08003364                memcpy
 *(.glue_7)
 .glue_7        0x08003380        0x0 linker stubs
 *(.glue_7t)
 .glue_7t       0x08003380        0x0 linker stubs
 *(.eh_frame)
 .eh_frame      0x08003380        0x0 E:/st/STM32CubeIDE_1.19.0/STM32CubeIDE/plugins/com.st.stm32cube.ide.mcu.externaltools.gnu-tools-for-stm32.13.3.rel1.win32_1.0.0.202411081344/tools/bin/../lib/gcc/arm-none-eabi/13.3.1/thumb/v7-m/nofp/crtbegin.o
 *(.init)
 .init          0x08003380        0x4 E:/st/STM32CubeIDE_1.19.0/STM32CubeIDE/plugins/com.st.stm32cube.ide.mcu.externaltools.gnu-tools-for-stm32.13.3.rel1.win32_1.0.0.202411081344/tools/bin/../lib/gcc/arm-none-eabi/13.3.1/thumb/v7-m/nofp/crti.o
                0x08003380                _init
 .init          0x08003384        0x8 E:/st/STM32CubeIDE_1.19.0/STM32CubeIDE/plugins/com.st.stm32cube.ide.mcu.externaltools.gnu-tools-for-stm32.13.3.rel1.win32_1.0.0.202411081344/tools/bin/../lib/gcc/arm-none-eabi/13.3.1/thumb/v7-m/nofp/crtn.o
 *(.fini)
 .fini          0x0800338c        0x4 E:/st/STM32CubeIDE_1.19.0/STM32CubeIDE/plugins/com.st.stm32cube.ide.mcu.externaltools.gnu-tools-for-stm32.13.3.rel1.win32_1.0.0.202411081344/tools/bin/../lib/gcc/arm-none-eabi/13.3.1/thumb/v7-m/nofp/crti.o
                0x0800338c                _fini
 .fini          0x08003390        0x8 E:/st/STM32CubeIDE_1.19.0/STM32CubeIDE/plugins/com.st.stm32cube.ide.mcu.externaltools.gnu-tools-for-stm32.13.3.rel1.win32_1.0.0.202411081344/tools/bin/../lib/gcc/arm-none-eabi/13.3.1/thumb/v7-m/nofp/crtn.o
                0x08003398                        . = ALIGN (0x4)
                0x08003398                        _etext = .

.vfp11_veneer   0x08003398        0x0
 .vfp11_veneer  0x08003398        0x0 linker stubs

.v4_bx          0x08003398        0x0
 .v4_bx         0x08003398        0x0 linker stubs

.iplt           0x08003398        0x0
 .iplt          0x08003398        0x0 E:/st/STM32CubeIDE_1.19.0/STM32CubeIDE/plugins/com.st.stm32cube.ide.mcu.externaltools.gnu-tools-for-stm32.13.3.rel1.win32_1.0.0.202411081344/tools/bin/../lib/gcc/arm-none-eabi/13.3.1/thumb/v7-m/nofp/crtbegin.o

.rodata         0x08003398       0x2c
                0x08003398                        . = ALIGN (0x4)
 *(.rodata)
 *(.rodata*)
 .rodata.AHBPrescTable
                0x08003398       0x10 ./Core/Src/system_stm32f1xx.o
                0x08003398                AHBPrescTable
 .rodata.APBPrescTable
                0x080033a8        0x8 ./Core/Src/system_stm32f1xx.o
                0x080033a8                APBPrescTable
 .rodata.aPLLMULFactorTable.1
                0x080033b0       0x10 ./Drivers/STM32F1xx_HAL_Driver/Src/stm32f1xx_hal_rcc.o
 .rodata.aPredivFactorTable.0
                0x080033c0        0x2 ./Drivers/STM32F1xx_HAL_Driver/Src/stm32f1xx_hal_rcc.o
                0x080033c4                        . = ALIGN (0x4)
 *fill*         0x080033c2        0x2 

.ARM.extab      0x080033c4        0x0
                0x080033c4                        . = ALIGN (0x4)
 *(.ARM.extab* .gnu.linkonce.armextab.*)
                0x080033c4                        . = ALIGN (0x4)

.ARM            0x080033c4        0x0
                0x080033c4                        . = ALIGN (0x4)
                0x080033c4                        __exidx_start = .
 *(.ARM.exidx*)
                0x080033c4                        __exidx_end = .
                0x080033c4                        . = ALIGN (0x4)

.preinit_array  0x080033c4        0x0
                0x080033c4                        . = ALIGN (0x4)
                0x080033c4                        PROVIDE (__preinit_array_start = .)
 *(.preinit_array*)
                0x080033c4                        PROVIDE (__preinit_array_end = .)
                0x080033c4                        . = ALIGN (0x4)

.init_array     0x080033c4        0x4
                0x080033c4                        . = ALIGN (0x4)
                0x080033c4                        PROVIDE (__init_array_start = .)
 *(SORT_BY_NAME(.init_array.*))
 *(.init_array*)
 .init_array    0x080033c4        0x4 E:/st/STM32CubeIDE_1.19.0/STM32CubeIDE/plugins/com.st.stm32cube.ide.mcu.externaltools.gnu-tools-for-stm32.13.3.rel1.win32_1.0.0.202411081344/tools/bin/../lib/gcc/arm-none-eabi/13.3.1/thumb/v7-m/nofp/crtbegin.o
                0x080033c8                        PROVIDE (__init_array_end = .)
                0x080033c8                        . = ALIGN (0x4)

.fini_array     0x080033c8        0x4
                0x080033c8                        . = ALIGN (0x4)
                [!provide]                        PROVIDE (__fini_array_start = .)
 *(SORT_BY_NAME(.fini_array.*))
 *(.fini_array*)
 .fini_array    0x080033c8        0x4 E:/st/STM32CubeIDE_1.19.0/STM32CubeIDE/plugins/com.st.stm32cube.ide.mcu.externaltools.gnu-tools-for-stm32.13.3.rel1.win32_1.0.0.202411081344/tools/bin/../lib/gcc/arm-none-eabi/13.3.1/thumb/v7-m/nofp/crtbegin.o
                [!provide]                        PROVIDE (__fini_array_end = .)
                0x080033cc                        . = ALIGN (0x4)
                0x080033cc                        _sidata = LOADADDR (.data)

.rel.dyn        0x080033cc        0x0
 .rel.iplt      0x080033cc        0x0 E:/st/STM32CubeIDE_1.19.0/STM32CubeIDE/plugins/com.st.stm32cube.ide.mcu.externaltools.gnu-tools-for-stm32.13.3.rel1.win32_1.0.0.202411081344/tools/bin/../lib/gcc/arm-none-eabi/13.3.1/thumb/v7-m/nofp/crtbegin.o

.data           0x20000000        0xc load address 0x080033cc
                0x20000000                        . = ALIGN (0x4)
                0x20000000                        _sdata = .
 *(.data)
 *(.data*)
 .data.SystemCoreClock
                0x20000000        0x4 ./Core/Src/system_stm32f1xx.o
                0x20000000                SystemCoreClock
 .data.uwTickPrio
                0x20000004        0x4 ./Drivers/STM32F1xx_HAL_Driver/Src/stm32f1xx_hal.o
                0x20000004                uwTickPrio
 .data.uwTickFreq
                0x20000008        0x1 ./Drivers/STM32F1xx_HAL_Driver/Src/stm32f1xx_hal.o
                0x20000008                uwTickFreq
 *(.RamFunc)
 *(.RamFunc*)
                0x2000000c                        . = ALIGN (0x4)
 *fill*         0x20000009        0x3 
                0x2000000c                        _edata = .

.igot.plt       0x2000000c        0x0 load address 0x080033d8
 .igot.plt      0x2000000c        0x0 E:/st/STM32CubeIDE_1.19.0/STM32CubeIDE/plugins/com.st.stm32cube.ide.mcu.externaltools.gnu-tools-for-stm32.13.3.rel1.win32_1.0.0.202411081344/tools/bin/../lib/gcc/arm-none-eabi/13.3.1/thumb/v7-m/nofp/crtbegin.o
                0x2000000c                        . = ALIGN (0x4)

.bss            0x2000000c      0x574 load address 0x080033d8
                0x2000000c                        _sbss = .
                0x2000000c                        __bss_start__ = _sbss
 *(.bss)
 .bss           0x2000000c       0x1c E:/st/STM32CubeIDE_1.19.0/STM32CubeIDE/plugins/com.st.stm32cube.ide.mcu.externaltools.gnu-tools-for-stm32.13.3.rel1.win32_1.0.0.202411081344/tools/bin/../lib/gcc/arm-none-eabi/13.3.1/thumb/v7-m/nofp/crtbegin.o
 *(.bss*)
 .bss.hadc1     0x20000028       0x30 ./Core/Src/adc.o
                0x20000028                hadc1
 .bss.hi2c2     0x20000058       0x54 ./Core/Src/i2c.o
                0x20000058                hi2c2
 .bss.OLED_GRAM
                0x200000ac      0x400 ./Core/Src/oled.o
                0x200000ac                OLED_GRAM
 .bss.sendBuffer.3
                0x200004ac        0x2 ./Core/Src/oled.o
 *fill*         0x200004ae        0x2 
 .bss.sendBuffer.2
                0x200004b0       0x81 ./Core/Src/oled.o
 *fill*         0x20000531        0x3 
 .bss.huart3    0x20000534       0x48 ./Core/Src/usart.o
                0x20000534                huart3
 .bss.uwTick    0x2000057c        0x4 ./Drivers/STM32F1xx_HAL_Driver/Src/stm32f1xx_hal.o
                0x2000057c                uwTick
 *(COMMON)
                0x20000580                        . = ALIGN (0x4)
                0x20000580                        _ebss = .
                0x20000580                        __bss_end__ = _ebss

._user_heap_stack
                0x20000580      0x600 load address 0x080033d8
                0x20000580                        . = ALIGN (0x8)
                [!provide]                        PROVIDE (end = .)
                0x20000580                        PROVIDE (_end = .)
                0x20000780                        . = (. + _Min_Heap_Size)
 *fill*         0x20000580      0x200 
                0x20000b80                        . = (. + _Min_Stack_Size)
 *fill*         0x20000780      0x400 
                0x20000b80                        . = ALIGN (0x8)

/DISCARD/
 libc.a(*)
 libm.a(*)
 libgcc.a(*)

.ARM.attributes
                0x00000000       0x29
 *(.ARM.attributes)
 .ARM.attributes
                0x00000000       0x1d E:/st/STM32CubeIDE_1.19.0/STM32CubeIDE/plugins/com.st.stm32cube.ide.mcu.externaltools.gnu-tools-for-stm32.13.3.rel1.win32_1.0.0.202411081344/tools/bin/../lib/gcc/arm-none-eabi/13.3.1/thumb/v7-m/nofp/crti.o
 .ARM.attributes
                0x0000001d       0x2d E:/st/STM32CubeIDE_1.19.0/STM32CubeIDE/plugins/com.st.stm32cube.ide.mcu.externaltools.gnu-tools-for-stm32.13.3.rel1.win32_1.0.0.202411081344/tools/bin/../lib/gcc/arm-none-eabi/13.3.1/thumb/v7-m/nofp/crtbegin.o
 .ARM.attributes
                0x0000004a       0x2d ./Core/Src/adc.o
 .ARM.attributes
                0x00000077       0x2d ./Core/Src/gpio.o
 .ARM.attributes
                0x000000a4       0x2d ./Core/Src/i2c.o
 .ARM.attributes
                0x000000d1       0x2d ./Core/Src/main.o
 .ARM.attributes
                0x000000fe       0x2d ./Core/Src/oled.o
 .ARM.attributes
                0x0000012b       0x2d ./Core/Src/stm32f1xx_hal_msp.o
 .ARM.attributes
                0x00000158       0x2d ./Core/Src/stm32f1xx_it.o
 .ARM.attributes
                0x00000185       0x2d ./Core/Src/system_stm32f1xx.o
 .ARM.attributes
                0x000001b2       0x2d ./Core/Src/usart.o
 .ARM.attributes
                0x000001df       0x21 ./Core/Startup/startup_stm32f103rctx.o
 .ARM.attributes
                0x00000200       0x2d ./Drivers/STM32F1xx_HAL_Driver/Src/stm32f1xx_hal.o
 .ARM.attributes
                0x0000022d       0x2d ./Drivers/STM32F1xx_HAL_Driver/Src/stm32f1xx_hal_adc.o
 .ARM.attributes
                0x0000025a       0x2d ./Drivers/STM32F1xx_HAL_Driver/Src/stm32f1xx_hal_cortex.o
 .ARM.attributes
                0x00000287       0x2d ./Drivers/STM32F1xx_HAL_Driver/Src/stm32f1xx_hal_dma.o
 .ARM.attributes
                0x000002b4       0x2d ./Drivers/STM32F1xx_HAL_Driver/Src/stm32f1xx_hal_gpio.o
 .ARM.attributes
                0x000002e1       0x2d ./Drivers/STM32F1xx_HAL_Driver/Src/stm32f1xx_hal_i2c.o
 .ARM.attributes
                0x0000030e       0x2d ./Drivers/STM32F1xx_HAL_Driver/Src/stm32f1xx_hal_rcc.o
 .ARM.attributes
                0x0000033b       0x2d ./Drivers/STM32F1xx_HAL_Driver/Src/stm32f1xx_hal_rcc_ex.o
 .ARM.attributes
                0x00000368       0x2d ./Drivers/STM32F1xx_HAL_Driver/Src/stm32f1xx_hal_uart.o
 .ARM.attributes
                0x00000395       0x2d E:/st/STM32CubeIDE_1.19.0/STM32CubeIDE/plugins/com.st.stm32cube.ide.mcu.externaltools.gnu-tools-for-stm32.13.3.rel1.win32_1.0.0.202411081344/tools/bin/../lib/gcc/arm-none-eabi/13.3.1/../../../../arm-none-eabi/lib/thumb/v7-m/nofp\libc_nano.a(libc_a-memset.o)
 .ARM.attributes
                0x000003c2       0x2d E:/st/STM32CubeIDE_1.19.0/STM32CubeIDE/plugins/com.st.stm32cube.ide.mcu.externaltools.gnu-tools-for-stm32.13.3.rel1.win32_1.0.0.202411081344/tools/bin/../lib/gcc/arm-none-eabi/13.3.1/../../../../arm-none-eabi/lib/thumb/v7-m/nofp\libc_nano.a(libc_a-init.o)
 .ARM.attributes
                0x000003ef       0x2d E:/st/STM32CubeIDE_1.19.0/STM32CubeIDE/plugins/com.st.stm32cube.ide.mcu.externaltools.gnu-tools-for-stm32.13.3.rel1.win32_1.0.0.202411081344/tools/bin/../lib/gcc/arm-none-eabi/13.3.1/../../../../arm-none-eabi/lib/thumb/v7-m/nofp\libc_nano.a(libc_a-memcpy-stub.o)
 .ARM.attributes
                0x0000041c       0x1d E:/st/STM32CubeIDE_1.19.0/STM32CubeIDE/plugins/com.st.stm32cube.ide.mcu.externaltools.gnu-tools-for-stm32.13.3.rel1.win32_1.0.0.202411081344/tools/bin/../lib/gcc/arm-none-eabi/13.3.1/thumb/v7-m/nofp/crtn.o
OUTPUT(car.elf elf32-littlearm)
LOAD linker stubs
LOAD E:/st/STM32CubeIDE_1.19.0/STM32CubeIDE/plugins/com.st.stm32cube.ide.mcu.externaltools.gnu-tools-for-stm32.13.3.rel1.win32_1.0.0.202411081344/tools/bin/../lib/gcc/arm-none-eabi/13.3.1/../../../../arm-none-eabi/lib/thumb/v7-m/nofp\libc.a
LOAD E:/st/STM32CubeIDE_1.19.0/STM32CubeIDE/plugins/com.st.stm32cube.ide.mcu.externaltools.gnu-tools-for-stm32.13.3.rel1.win32_1.0.0.202411081344/tools/bin/../lib/gcc/arm-none-eabi/13.3.1/../../../../arm-none-eabi/lib/thumb/v7-m/nofp\libm.a
LOAD E:/st/STM32CubeIDE_1.19.0/STM32CubeIDE/plugins/com.st.stm32cube.ide.mcu.externaltools.gnu-tools-for-stm32.13.3.rel1.win32_1.0.0.202411081344/tools/bin/../lib/gcc/arm-none-eabi/13.3.1/thumb/v7-m/nofp\libgcc.a

.debug_info     0x00000000     0xc683
 .debug_info    0x00000000      0x827 ./Core/Src/adc.o
 .debug_info    0x00000827      0x19f ./Core/Src/gpio.o
 .debug_info    0x000009c6      0x7e3 ./Core/Src/i2c.o
 .debug_info    0x000011a9      0x33d ./Core/Src/main.o
 .debug_info    0x000014e6     0x1258 ./Core/Src/oled.o
 .debug_info    0x0000273e      0x1f1 ./Core/Src/stm32f1xx_hal_msp.o
 .debug_info    0x0000292f      0x5eb ./Core/Src/stm32f1xx_it.o
 .debug_info    0x00002f1a      0x222 ./Core/Src/system_stm32f1xx.o
 .debug_info    0x0000313c      0xa24 ./Core/Src/usart.o
 .debug_info    0x00003b60       0x30 ./Core/Startup/startup_stm32f103rctx.o
 .debug_info    0x00003b90      0x76a ./Drivers/STM32F1xx_HAL_Driver/Src/stm32f1xx_hal.o
 .debug_info    0x000042fa      0xc50 ./Drivers/STM32F1xx_HAL_Driver/Src/stm32f1xx_hal_adc.o
 .debug_info    0x00004f4a      0xaed ./Drivers/STM32F1xx_HAL_Driver/Src/stm32f1xx_hal_cortex.o
 .debug_info    0x00005a37      0x6d2 ./Drivers/STM32F1xx_HAL_Driver/Src/stm32f1xx_hal_dma.o
 .debug_info    0x00006109      0x5ab ./Drivers/STM32F1xx_HAL_Driver/Src/stm32f1xx_hal_gpio.o
 .debug_info    0x000066b4     0x2524 ./Drivers/STM32F1xx_HAL_Driver/Src/stm32f1xx_hal_i2c.o
 .debug_info    0x00008bd8      0x7d5 ./Drivers/STM32F1xx_HAL_Driver/Src/stm32f1xx_hal_rcc.o
 .debug_info    0x000093ad      0x3e9 ./Drivers/STM32F1xx_HAL_Driver/Src/stm32f1xx_hal_rcc_ex.o
 .debug_info    0x00009796     0x2eed ./Drivers/STM32F1xx_HAL_Driver/Src/stm32f1xx_hal_uart.o

.debug_abbrev   0x00000000     0x23cb
 .debug_abbrev  0x00000000      0x1fc ./Core/Src/adc.o
 .debug_abbrev  0x000001fc       0xc6 ./Core/Src/gpio.o
 .debug_abbrev  0x000002c2      0x1de ./Core/Src/i2c.o
 .debug_abbrev  0x000004a0      0x1ac ./Core/Src/main.o
 .debug_abbrev  0x0000064c      0x2ec ./Core/Src/oled.o
 .debug_abbrev  0x00000938       0xdb ./Core/Src/stm32f1xx_hal_msp.o
 .debug_abbrev  0x00000a13      0x176 ./Core/Src/stm32f1xx_it.o
 .debug_abbrev  0x00000b89      0x13f ./Core/Src/system_stm32f1xx.o
 .debug_abbrev  0x00000cc8      0x216 ./Core/Src/usart.o
 .debug_abbrev  0x00000ede       0x24 ./Core/Startup/startup_stm32f103rctx.o
 .debug_abbrev  0x00000f02      0x201 ./Drivers/STM32F1xx_HAL_Driver/Src/stm32f1xx_hal.o
 .debug_abbrev  0x00001103      0x225 ./Drivers/STM32F1xx_HAL_Driver/Src/stm32f1xx_hal_adc.o
 .debug_abbrev  0x00001328      0x2f8 ./Drivers/STM32F1xx_HAL_Driver/Src/stm32f1xx_hal_cortex.o
 .debug_abbrev  0x00001620      0x20b ./Drivers/STM32F1xx_HAL_Driver/Src/stm32f1xx_hal_dma.o
 .debug_abbrev  0x0000182b      0x1ca ./Drivers/STM32F1xx_HAL_Driver/Src/stm32f1xx_hal_gpio.o
 .debug_abbrev  0x000019f5      0x2a3 ./Drivers/STM32F1xx_HAL_Driver/Src/stm32f1xx_hal_i2c.o
 .debug_abbrev  0x00001c98      0x2b3 ./Drivers/STM32F1xx_HAL_Driver/Src/stm32f1xx_hal_rcc.o
 .debug_abbrev  0x00001f4b      0x188 ./Drivers/STM32F1xx_HAL_Driver/Src/stm32f1xx_hal_rcc_ex.o
 .debug_abbrev  0x000020d3      0x2f8 ./Drivers/STM32F1xx_HAL_Driver/Src/stm32f1xx_hal_uart.o

.debug_aranges  0x00000000      0xbc8
 .debug_aranges
                0x00000000       0x38 ./Core/Src/adc.o
 .debug_aranges
                0x00000038       0x20 ./Core/Src/gpio.o
 .debug_aranges
                0x00000058       0x30 ./Core/Src/i2c.o
 .debug_aranges
                0x00000088       0x30 ./Core/Src/main.o
 .debug_aranges
                0x000000b8       0xf0 ./Core/Src/oled.o
 .debug_aranges
                0x000001a8       0x20 ./Core/Src/stm32f1xx_hal_msp.o
 .debug_aranges
                0x000001c8       0x68 ./Core/Src/stm32f1xx_it.o
 .debug_aranges
                0x00000230       0x28 ./Core/Src/system_stm32f1xx.o
 .debug_aranges
                0x00000258       0x30 ./Core/Src/usart.o
 .debug_aranges
                0x00000288       0x28 ./Core/Startup/startup_stm32f103rctx.o
 .debug_aranges
                0x000002b0       0xe0 ./Drivers/STM32F1xx_HAL_Driver/Src/stm32f1xx_hal.o
 .debug_aranges
                0x00000390       0xf0 ./Drivers/STM32F1xx_HAL_Driver/Src/stm32f1xx_hal_adc.o
 .debug_aranges
                0x00000480      0x100 ./Drivers/STM32F1xx_HAL_Driver/Src/stm32f1xx_hal_cortex.o
 .debug_aranges
                0x00000580       0x80 ./Drivers/STM32F1xx_HAL_Driver/Src/stm32f1xx_hal_dma.o
 .debug_aranges
                0x00000600       0x58 ./Drivers/STM32F1xx_HAL_Driver/Src/stm32f1xx_hal_gpio.o
 .debug_aranges
                0x00000658      0x2a8 ./Drivers/STM32F1xx_HAL_Driver/Src/stm32f1xx_hal_i2c.o
 .debug_aranges
                0x00000900       0x90 ./Drivers/STM32F1xx_HAL_Driver/Src/stm32f1xx_hal_rcc.o
 .debug_aranges
                0x00000990       0x30 ./Drivers/STM32F1xx_HAL_Driver/Src/stm32f1xx_hal_rcc_ex.o
 .debug_aranges
                0x000009c0      0x208 ./Drivers/STM32F1xx_HAL_Driver/Src/stm32f1xx_hal_uart.o

.debug_rnglists
                0x00000000      0x935
 .debug_rnglists
                0x00000000       0x25 ./Core/Src/adc.o
 .debug_rnglists
                0x00000025       0x13 ./Core/Src/gpio.o
 .debug_rnglists
                0x00000038       0x20 ./Core/Src/i2c.o
 .debug_rnglists
                0x00000058       0x20 ./Core/Src/main.o
 .debug_rnglists
                0x00000078       0xcb ./Core/Src/oled.o
 .debug_rnglists
                0x00000143       0x13 ./Core/Src/stm32f1xx_hal_msp.o
 .debug_rnglists
                0x00000156       0x49 ./Core/Src/stm32f1xx_it.o
 .debug_rnglists
                0x0000019f       0x1a ./Core/Src/system_stm32f1xx.o
 .debug_rnglists
                0x000001b9       0x20 ./Core/Src/usart.o
 .debug_rnglists
                0x000001d9       0x19 ./Core/Startup/startup_stm32f103rctx.o
 .debug_rnglists
                0x000001f2       0xa3 ./Drivers/STM32F1xx_HAL_Driver/Src/stm32f1xx_hal.o
 .debug_rnglists
                0x00000295       0xbc ./Drivers/STM32F1xx_HAL_Driver/Src/stm32f1xx_hal_adc.o
 .debug_rnglists
                0x00000351       0xbb ./Drivers/STM32F1xx_HAL_Driver/Src/stm32f1xx_hal_cortex.o
 .debug_rnglists
                0x0000040c       0x64 ./Drivers/STM32F1xx_HAL_Driver/Src/stm32f1xx_hal_dma.o
 .debug_rnglists
                0x00000470       0x3f ./Drivers/STM32F1xx_HAL_Driver/Src/stm32f1xx_hal_gpio.o
 .debug_rnglists
                0x000004af      0x23c ./Drivers/STM32F1xx_HAL_Driver/Src/stm32f1xx_hal_i2c.o
 .debug_rnglists
                0x000006eb       0x6c ./Drivers/STM32F1xx_HAL_Driver/Src/stm32f1xx_hal_rcc.o
 .debug_rnglists
                0x00000757       0x22 ./Drivers/STM32F1xx_HAL_Driver/Src/stm32f1xx_hal_rcc_ex.o
 .debug_rnglists
                0x00000779      0x1bc ./Drivers/STM32F1xx_HAL_Driver/Src/stm32f1xx_hal_uart.o

.debug_macro    0x00000000    0x19c98
 .debug_macro   0x00000000      0x1c5 ./Core/Src/adc.o
 .debug_macro   0x000001c5      0xacc ./Core/Src/adc.o
 .debug_macro   0x00000c91      0x221 ./Core/Src/adc.o
 .debug_macro   0x00000eb2       0x2e ./Core/Src/adc.o
 .debug_macro   0x00000ee0       0x22 ./Core/Src/adc.o
 .debug_macro   0x00000f02       0x22 ./Core/Src/adc.o
 .debug_macro   0x00000f24       0x8e ./Core/Src/adc.o
 .debug_macro   0x00000fb2       0x51 ./Core/Src/adc.o
 .debug_macro   0x00001003      0x103 ./Core/Src/adc.o
 .debug_macro   0x00001106       0x6a ./Core/Src/adc.o
 .debug_macro   0x00001170      0x1df ./Core/Src/adc.o
 .debug_macro   0x0000134f       0x1c ./Core/Src/adc.o
 .debug_macro   0x0000136b       0x22 ./Core/Src/adc.o
 .debug_macro   0x0000138d       0xbd ./Core/Src/adc.o
 .debug_macro   0x0000144a      0xd23 ./Core/Src/adc.o
 .debug_macro   0x0000216d     0xfd8c ./Core/Src/adc.o
 .debug_macro   0x00011ef9       0x6d ./Core/Src/adc.o
 .debug_macro   0x00011f66     0x34a2 ./Core/Src/adc.o
 .debug_macro   0x00015408      0x190 ./Core/Src/adc.o
 .debug_macro   0x00015598       0x5c ./Core/Src/adc.o
 .debug_macro   0x000155f4      0x5bc ./Core/Src/adc.o
 .debug_macro   0x00015bb0      0x4d5 ./Core/Src/adc.o
 .debug_macro   0x00016085      0x1cb ./Core/Src/adc.o
 .debug_macro   0x00016250      0x114 ./Core/Src/adc.o
 .debug_macro   0x00016364      0x1ea ./Core/Src/adc.o
 .debug_macro   0x0001654e       0x27 ./Core/Src/adc.o
 .debug_macro   0x00016575      0x144 ./Core/Src/adc.o
 .debug_macro   0x000166b9      0x1bc ./Core/Src/adc.o
 .debug_macro   0x00016875       0x30 ./Core/Src/adc.o
 .debug_macro   0x000168a5       0x3c ./Core/Src/adc.o
 .debug_macro   0x000168e1       0x57 ./Core/Src/adc.o
 .debug_macro   0x00016938      0x46a ./Core/Src/adc.o
 .debug_macro   0x00016da2      0x25d ./Core/Src/adc.o
 .debug_macro   0x00016fff       0x87 ./Core/Src/adc.o
 .debug_macro   0x00017086      0x24f ./Core/Src/adc.o
 .debug_macro   0x000172d5      0x287 ./Core/Src/adc.o
 .debug_macro   0x0001755c      0x140 ./Core/Src/adc.o
 .debug_macro   0x0001769c      0x28e ./Core/Src/adc.o
 .debug_macro   0x0001792a       0xb5 ./Core/Src/adc.o
 .debug_macro   0x000179df       0x10 ./Core/Src/adc.o
 .debug_macro   0x000179ef      0x1c5 ./Core/Src/gpio.o
 .debug_macro   0x00017bb4      0x1c5 ./Core/Src/i2c.o
 .debug_macro   0x00017d79      0x2c9 ./Core/Src/main.o
 .debug_macro   0x00018042      0x306 ./Core/Src/oled.o
 .debug_macro   0x00018348       0x56 ./Core/Src/oled.o
 .debug_macro   0x0001839e      0x19b ./Core/Src/oled.o
 .debug_macro   0x00018539       0x16 ./Core/Src/oled.o
 .debug_macro   0x0001854f       0x16 ./Core/Src/oled.o
 .debug_macro   0x00018565       0x29 ./Core/Src/oled.o
 .debug_macro   0x0001858e      0x1bb ./Core/Src/stm32f1xx_hal_msp.o
 .debug_macro   0x00018749      0x1c5 ./Core/Src/stm32f1xx_it.o
 .debug_macro   0x0001890e      0x1ac ./Core/Src/system_stm32f1xx.o
 .debug_macro   0x00018aba      0x1c5 ./Core/Src/usart.o
 .debug_macro   0x00018c7f      0x1d0 ./Drivers/STM32F1xx_HAL_Driver/Src/stm32f1xx_hal.o
 .debug_macro   0x00018e4f      0x1c9 ./Drivers/STM32F1xx_HAL_Driver/Src/stm32f1xx_hal_adc.o
 .debug_macro   0x00019018      0x1ac ./Drivers/STM32F1xx_HAL_Driver/Src/stm32f1xx_hal_cortex.o
 .debug_macro   0x000191c4      0x1ac ./Drivers/STM32F1xx_HAL_Driver/Src/stm32f1xx_hal_dma.o
 .debug_macro   0x00019370      0x217 ./Drivers/STM32F1xx_HAL_Driver/Src/stm32f1xx_hal_gpio.o
 .debug_macro   0x00019587      0x1fa ./Drivers/STM32F1xx_HAL_Driver/Src/stm32f1xx_hal_i2c.o
 .debug_macro   0x00019781      0x1be ./Drivers/STM32F1xx_HAL_Driver/Src/stm32f1xx_hal_rcc.o
 .debug_macro   0x0001993f      0x1ac ./Drivers/STM32F1xx_HAL_Driver/Src/stm32f1xx_hal_rcc_ex.o
 .debug_macro   0x00019aeb      0x1ad ./Drivers/STM32F1xx_HAL_Driver/Src/stm32f1xx_hal_uart.o

.debug_line     0x00000000    0x109d1
 .debug_line    0x00000000      0x7c3 ./Core/Src/adc.o
 .debug_line    0x000007c3      0x712 ./Core/Src/gpio.o
 .debug_line    0x00000ed5      0x77d ./Core/Src/i2c.o
 .debug_line    0x00001652      0x92f ./Core/Src/main.o
 .debug_line    0x00001f81     0x110c ./Core/Src/oled.o
 .debug_line    0x0000308d      0x714 ./Core/Src/stm32f1xx_hal_msp.o
 .debug_line    0x000037a1      0x7da ./Core/Src/stm32f1xx_it.o
 .debug_line    0x00003f7b      0x792 ./Core/Src/system_stm32f1xx.o
 .debug_line    0x0000470d      0x78c ./Core/Src/usart.o
 .debug_line    0x00004e99       0x79 ./Core/Startup/startup_stm32f103rctx.o
 .debug_line    0x00004f12      0x9c3 ./Drivers/STM32F1xx_HAL_Driver/Src/stm32f1xx_hal.o
 .debug_line    0x000058d5      0xffe ./Drivers/STM32F1xx_HAL_Driver/Src/stm32f1xx_hal_adc.o
 .debug_line    0x000068d3      0xb8d ./Drivers/STM32F1xx_HAL_Driver/Src/stm32f1xx_hal_cortex.o
 .debug_line    0x00007460     0x12c7 ./Drivers/STM32F1xx_HAL_Driver/Src/stm32f1xx_hal_dma.o
 .debug_line    0x00008727      0xa48 ./Drivers/STM32F1xx_HAL_Driver/Src/stm32f1xx_hal_gpio.o
 .debug_line    0x0000916f     0x3bc0 ./Drivers/STM32F1xx_HAL_Driver/Src/stm32f1xx_hal_i2c.o
 .debug_line    0x0000cd2f      0xe7c ./Drivers/STM32F1xx_HAL_Driver/Src/stm32f1xx_hal_rcc.o
 .debug_line    0x0000dbab      0x947 ./Drivers/STM32F1xx_HAL_Driver/Src/stm32f1xx_hal_rcc_ex.o
 .debug_line    0x0000e4f2     0x24df ./Drivers/STM32F1xx_HAL_Driver/Src/stm32f1xx_hal_uart.o

.debug_str      0x00000000    0x986b9
 .debug_str     0x00000000    0x986b9 ./Core/Src/adc.o
                              0x91dff (size before relaxing)
 .debug_str     0x000986b9    0x91961 ./Core/Src/gpio.o
 .debug_str     0x000986b9    0x91ec1 ./Core/Src/i2c.o
 .debug_str     0x000986b9    0x94dcd ./Core/Src/main.o
 .debug_str     0x000986b9    0x95bdc ./Core/Src/oled.o
 .debug_str     0x000986b9    0x9198f ./Core/Src/stm32f1xx_hal_msp.o
 .debug_str     0x000986b9    0x91ddf ./Core/Src/stm32f1xx_it.o
 .debug_str     0x000986b9    0x9198d ./Core/Src/system_stm32f1xx.o
 .debug_str     0x000986b9    0x9227c ./Core/Src/usart.o
 .debug_str     0x000986b9       0x59 ./Core/Startup/startup_stm32f103rctx.o
 .debug_str     0x000986b9    0x921a4 ./Drivers/STM32F1xx_HAL_Driver/Src/stm32f1xx_hal.o
 .debug_str     0x000986b9    0x92071 ./Drivers/STM32F1xx_HAL_Driver/Src/stm32f1xx_hal_adc.o
 .debug_str     0x000986b9    0x920f0 ./Drivers/STM32F1xx_HAL_Driver/Src/stm32f1xx_hal_cortex.o
 .debug_str     0x000986b9    0x91d36 ./Drivers/STM32F1xx_HAL_Driver/Src/stm32f1xx_hal_dma.o
 .debug_str     0x000986b9    0x91d13 ./Drivers/STM32F1xx_HAL_Driver/Src/stm32f1xx_hal_gpio.o
 .debug_str     0x000986b9    0x92a54 ./Drivers/STM32F1xx_HAL_Driver/Src/stm32f1xx_hal_i2c.o
 .debug_str     0x000986b9    0x91dbc ./Drivers/STM32F1xx_HAL_Driver/Src/stm32f1xx_hal_rcc.o
 .debug_str     0x000986b9    0x91b4a ./Drivers/STM32F1xx_HAL_Driver/Src/stm32f1xx_hal_rcc_ex.o
 .debug_str     0x000986b9    0x9242d ./Drivers/STM32F1xx_HAL_Driver/Src/stm32f1xx_hal_uart.o

.comment        0x00000000       0x43
 .comment       0x00000000       0x43 ./Core/Src/adc.o
                                 0x44 (size before relaxing)
 .comment       0x00000043       0x44 ./Core/Src/gpio.o
 .comment       0x00000043       0x44 ./Core/Src/i2c.o
 .comment       0x00000043       0x44 ./Core/Src/main.o
 .comment       0x00000043       0x44 ./Core/Src/oled.o
 .comment       0x00000043       0x44 ./Core/Src/stm32f1xx_hal_msp.o
 .comment       0x00000043       0x44 ./Core/Src/stm32f1xx_it.o
 .comment       0x00000043       0x44 ./Core/Src/system_stm32f1xx.o
 .comment       0x00000043       0x44 ./Core/Src/usart.o
 .comment       0x00000043       0x44 ./Drivers/STM32F1xx_HAL_Driver/Src/stm32f1xx_hal.o
 .comment       0x00000043       0x44 ./Drivers/STM32F1xx_HAL_Driver/Src/stm32f1xx_hal_adc.o
 .comment       0x00000043       0x44 ./Drivers/STM32F1xx_HAL_Driver/Src/stm32f1xx_hal_cortex.o
 .comment       0x00000043       0x44 ./Drivers/STM32F1xx_HAL_Driver/Src/stm32f1xx_hal_dma.o
 .comment       0x00000043       0x44 ./Drivers/STM32F1xx_HAL_Driver/Src/stm32f1xx_hal_gpio.o
 .comment       0x00000043       0x44 ./Drivers/STM32F1xx_HAL_Driver/Src/stm32f1xx_hal_i2c.o
 .comment       0x00000043       0x44 ./Drivers/STM32F1xx_HAL_Driver/Src/stm32f1xx_hal_rcc.o
 .comment       0x00000043       0x44 ./Drivers/STM32F1xx_HAL_Driver/Src/stm32f1xx_hal_rcc_ex.o
 .comment       0x00000043       0x44 ./Drivers/STM32F1xx_HAL_Driver/Src/stm32f1xx_hal_uart.o

.debug_frame    0x00000000     0x2f7c
 .debug_frame   0x00000000       0x98 ./Core/Src/adc.o
 .debug_frame   0x00000098       0x38 ./Core/Src/gpio.o
 .debug_frame   0x000000d0       0x74 ./Core/Src/i2c.o
 .debug_frame   0x00000144       0x68 ./Core/Src/main.o
 .debug_frame   0x000001ac      0x418 ./Core/Src/oled.o
 .debug_frame   0x000005c4       0x38 ./Core/Src/stm32f1xx_hal_msp.o
 .debug_frame   0x000005fc      0x120 ./Core/Src/stm32f1xx_it.o
 .debug_frame   0x0000071c       0x58 ./Core/Src/system_stm32f1xx.o
 .debug_frame   0x00000774       0x74 ./Core/Src/usart.o
 .debug_frame   0x000007e8      0x334 ./Drivers/STM32F1xx_HAL_Driver/Src/stm32f1xx_hal.o
 .debug_frame   0x00000b1c      0x40c ./Drivers/STM32F1xx_HAL_Driver/Src/stm32f1xx_hal_adc.o
 .debug_frame   0x00000f28      0x428 ./Drivers/STM32F1xx_HAL_Driver/Src/stm32f1xx_hal_cortex.o
 .debug_frame   0x00001350      0x20c ./Drivers/STM32F1xx_HAL_Driver/Src/stm32f1xx_hal_dma.o
 .debug_frame   0x0000155c      0x14c ./Drivers/STM32F1xx_HAL_Driver/Src/stm32f1xx_hal_gpio.o
 .debug_frame   0x000016a8      0xc84 ./Drivers/STM32F1xx_HAL_Driver/Src/stm32f1xx_hal_i2c.o
 .debug_frame   0x0000232c      0x218 ./Drivers/STM32F1xx_HAL_Driver/Src/stm32f1xx_hal_rcc.o
 .debug_frame   0x00002544       0x80 ./Drivers/STM32F1xx_HAL_Driver/Src/stm32f1xx_hal_rcc_ex.o
 .debug_frame   0x000025c4      0x944 ./Drivers/STM32F1xx_HAL_Driver/Src/stm32f1xx_hal_uart.o
 .debug_frame   0x00002f08       0x20 E:/st/STM32CubeIDE_1.19.0/STM32CubeIDE/plugins/com.st.stm32cube.ide.mcu.externaltools.gnu-tools-for-stm32.13.3.rel1.win32_1.0.0.202411081344/tools/bin/../lib/gcc/arm-none-eabi/13.3.1/../../../../arm-none-eabi/lib/thumb/v7-m/nofp\libc_nano.a(libc_a-memset.o)
 .debug_frame   0x00002f28       0x2c E:/st/STM32CubeIDE_1.19.0/STM32CubeIDE/plugins/com.st.stm32cube.ide.mcu.externaltools.gnu-tools-for-stm32.13.3.rel1.win32_1.0.0.202411081344/tools/bin/../lib/gcc/arm-none-eabi/13.3.1/../../../../arm-none-eabi/lib/thumb/v7-m/nofp\libc_nano.a(libc_a-init.o)
 .debug_frame   0x00002f54       0x28 E:/st/STM32CubeIDE_1.19.0/STM32CubeIDE/plugins/com.st.stm32cube.ide.mcu.externaltools.gnu-tools-for-stm32.13.3.rel1.win32_1.0.0.202411081344/tools/bin/../lib/gcc/arm-none-eabi/13.3.1/../../../../arm-none-eabi/lib/thumb/v7-m/nofp\libc_nano.a(libc_a-memcpy-stub.o)

.debug_line_str
                0x00000000       0x3d
 .debug_line_str
                0x00000000       0x3d ./Core/Startup/startup_stm32f103rctx.o
